ingenious/application/repository/file_repository.py:27:31: F821 Undefined name `IFileStorage`
   |
25 |         try:
26 |             module = importlib.import_module(module_name)
27 |             repository_class: IFileStorage = getattr(module, class_name)
   |                               ^^^^^^^^^^^^ F821
28 |             self.repository: IFileStorage = repository_class(
29 |                 config=self.config, fs_config=fs_config
   |

ingenious/application/repository/file_repository.py:28:30: F821 Undefined name `IFileStorage`
   |
26 |             module = importlib.import_module(module_name)
27 |             repository_class: IFileStorage = getattr(module, class_name)
28 |             self.repository: IFileStorage = repository_class(
   |                              ^^^^^^^^^^^^ F821
29 |                 config=self.config, fs_config=fs_config
30 |             )
   |

ingenious/common/utils/model_utils.py:64:13: E722 Do not use bare `except`
   |
62 |             try:
63 |                 row = row.__dict__
64 |             except:
   |             ^^^^^^ E722
65 |                 print(f"Could not convert {row} to dictionary")
66 |         writer.writerow([row[key] for key in row_header_columns])
   |

ingenious/common/utils/namespace_utils.py:124:5: F811 Redefinition of unused `get_path_from_namespace_with_fallback` from line 80
    |
124 | def get_path_from_namespace_with_fallback(path: str):
    |     ^^^^^^^^^^^^^^^^^^^^^^^^^^^^^^^^^^^^^ F811
125 |     """
126 |     Get a path from the first namespace where it exists.
    |
    = help: Remove definition: `get_path_from_namespace_with_fallback`

ingenious/domain/model/__init__.py:2:1: F403 `from ingenious.domain.model.api import *` used; unable to detect undefined names
  |
1 | # Expose modules from subdirectories
2 | from ingenious.domain.model.api import *
  | ^^^^^^^^^^^^^^^^^^^^^^^^^^^^^^^^^^^^^^^^ F403
3 | from ingenious.domain.model.chat import *
4 | from ingenious.domain.model.common import *
  |

ingenious/domain/model/__init__.py:3:1: F403 `from ingenious.domain.model.chat import *` used; unable to detect undefined names
  |
1 | # Expose modules from subdirectories
2 | from ingenious.domain.model.api import *
3 | from ingenious.domain.model.chat import *
  | ^^^^^^^^^^^^^^^^^^^^^^^^^^^^^^^^^^^^^^^^^ F403
4 | from ingenious.domain.model.common import *
5 | from ingenious.domain.model.config import *
  |

ingenious/domain/model/__init__.py:4:1: F403 `from ingenious.domain.model.common import *` used; unable to detect undefined names
  |
2 | from ingenious.domain.model.api import *
3 | from ingenious.domain.model.chat import *
4 | from ingenious.domain.model.common import *
  | ^^^^^^^^^^^^^^^^^^^^^^^^^^^^^^^^^^^^^^^^^^^ F403
5 | from ingenious.domain.model.config import *
6 | from ingenious.domain.model.database import *
  |

ingenious/domain/model/__init__.py:5:1: F403 `from ingenious.domain.model.config import *` used; unable to detect undefined names
  |
3 | from ingenious.domain.model.chat import *
4 | from ingenious.domain.model.common import *
5 | from ingenious.domain.model.config import *
  | ^^^^^^^^^^^^^^^^^^^^^^^^^^^^^^^^^^^^^^^^^^^ F403
6 | from ingenious.domain.model.database import *
  |

ingenious/domain/model/__init__.py:6:1: F403 `from ingenious.domain.model.database import *` used; unable to detect undefined names
  |
4 | from ingenious.domain.model.common import *
5 | from ingenious.domain.model.config import *
6 | from ingenious.domain.model.database import *
  | ^^^^^^^^^^^^^^^^^^^^^^^^^^^^^^^^^^^^^^^^^^^^^ F403
  |

ingenious/domain/model/api/__init__.py:2:1: F403 `from ingenious.domain.model.api.api_routes import *` used; unable to detect undefined names
  |
1 | # Expose API models
2 | from ingenious.domain.model.api.api_routes import *
  | ^^^^^^^^^^^^^^^^^^^^^^^^^^^^^^^^^^^^^^^^^^^^^^^^^^^ F403
3 | from ingenious.domain.model.api.http_error import *
  |

ingenious/domain/model/api/__init__.py:3:1: F403 `from ingenious.domain.model.api.http_error import *` used; unable to detect undefined names
  |
1 | # Expose API models
2 | from ingenious.domain.model.api.api_routes import *
3 | from ingenious.domain.model.api.http_error import *
  | ^^^^^^^^^^^^^^^^^^^^^^^^^^^^^^^^^^^^^^^^^^^^^^^^^^^ F403
  |

ingenious/domain/model/chat/__init__.py:3:5: F401 `ingenious.domain.model.chat.chat.ChatRequest` imported but unused; consider removing, adding to `__all__`, or using a redundant alias
  |
1 | # Expose chat models
2 | from ingenious.domain.model.chat.chat import (
3 |     ChatRequest,
  |     ^^^^^^^^^^^ F401
4 |     ChatResponse,
5 |     IChatRequest,
  |
  = help: Use an explicit re-export: `ChatRequest as ChatRequest`

ingenious/domain/model/chat/__init__.py:4:5: F401 `ingenious.domain.model.chat.chat.ChatResponse` imported but unused; consider removing, adding to `__all__`, or using a redundant alias
  |
2 | from ingenious.domain.model.chat.chat import (
3 |     ChatRequest,
4 |     ChatResponse,
  |     ^^^^^^^^^^^^ F401
5 |     IChatRequest,
6 |     IChatResponse,
  |
  = help: Use an explicit re-export: `ChatResponse as ChatResponse`

ingenious/domain/model/chat/__init__.py:5:5: F401 `ingenious.domain.model.chat.chat.IChatRequest` imported but unused; consider removing, adding to `__all__`, or using a redundant alias
  |
3 |     ChatRequest,
4 |     ChatResponse,
5 |     IChatRequest,
  |     ^^^^^^^^^^^^ F401
6 |     IChatResponse,
7 | )
  |
  = help: Use an explicit re-export: `IChatRequest as IChatRequest`

ingenious/domain/model/chat/__init__.py:6:5: F401 `ingenious.domain.model.chat.chat.IChatResponse` imported but unused; consider removing, adding to `__all__`, or using a redundant alias
  |
4 |     ChatResponse,
5 |     IChatRequest,
6 |     IChatResponse,
  |     ^^^^^^^^^^^^^ F401
7 | )
8 | from ingenious.domain.model.chat.chat_history_models import *
  |
  = help: Use an explicit re-export: `IChatResponse as IChatResponse`

ingenious/domain/model/chat/__init__.py:8:1: F403 `from ingenious.domain.model.chat.chat_history_models import *` used; unable to detect undefined names
   |
 6 |     IChatResponse,
 7 | )
 8 | from ingenious.domain.model.chat.chat_history_models import *
   | ^^^^^^^^^^^^^^^^^^^^^^^^^^^^^^^^^^^^^^^^^^^^^^^^^^^^^^^^^^^^^ F403
 9 | from ingenious.domain.model.chat.message import *
10 | from ingenious.domain.model.chat.message_feedback import *
   |

ingenious/domain/model/chat/__init__.py:9:1: F403 `from ingenious.domain.model.chat.message import *` used; unable to detect undefined names
   |
 7 | )
 8 | from ingenious.domain.model.chat.chat_history_models import *
 9 | from ingenious.domain.model.chat.message import *
   | ^^^^^^^^^^^^^^^^^^^^^^^^^^^^^^^^^^^^^^^^^^^^^^^^^ F403
10 | from ingenious.domain.model.chat.message_feedback import *
   |

ingenious/domain/model/chat/__init__.py:10:1: F403 `from ingenious.domain.model.chat.message_feedback import *` used; unable to detect undefined names
   |
 8 | from ingenious.domain.model.chat.chat_history_models import *
 9 | from ingenious.domain.model.chat.message import *
10 | from ingenious.domain.model.chat.message_feedback import *
   | ^^^^^^^^^^^^^^^^^^^^^^^^^^^^^^^^^^^^^^^^^^^^^^^^^^^^^^^^^^ F403
   |

ingenious/domain/model/chat/chat_history_models.py:9:6: F821 Undefined name `TrueStepType`
   |
 7 | MessageStepType = Literal["user_message", "assistant_message", "system_message"]
 8 | StepType = Union[
 9 |     "TrueStepType", MessageStepType
   |      ^^^^^^^^^^^^ F821
10 | ]  # TrueStepType is defined in the interface
   |

ingenious/domain/model/common/__init__.py:2:1: F403 `from ingenious.domain.model.common.agent import *` used; unable to detect undefined names
  |
1 | # Expose common models
2 | from ingenious.domain.model.common.agent import *
  | ^^^^^^^^^^^^^^^^^^^^^^^^^^^^^^^^^^^^^^^^^^^^^^^^^ F403
3 | from ingenious.domain.model.common.test_data import *
  |

ingenious/domain/model/common/__init__.py:3:1: F403 `from ingenious.domain.model.common.test_data import *` used; unable to detect undefined names
  |
1 | # Expose common models
2 | from ingenious.domain.model.common.agent import *
3 | from ingenious.domain.model.common.test_data import *
  | ^^^^^^^^^^^^^^^^^^^^^^^^^^^^^^^^^^^^^^^^^^^^^^^^^^^^^ F403
  |

ingenious/domain/model/config/__init__.py:2:1: F403 `from ingenious.domain.model.config.config import *` used; unable to detect undefined names
  |
1 | # Expose config models
2 | from ingenious.domain.model.config.config import *
  | ^^^^^^^^^^^^^^^^^^^^^^^^^^^^^^^^^^^^^^^^^^^^^^^^^^ F403
3 | from ingenious.domain.model.config.config_ns import *
4 | from ingenious.domain.model.config.profile import *
  |

ingenious/domain/model/config/__init__.py:3:1: F403 `from ingenious.domain.model.config.config_ns import *` used; unable to detect undefined names
  |
1 | # Expose config models
2 | from ingenious.domain.model.config.config import *
3 | from ingenious.domain.model.config.config_ns import *
  | ^^^^^^^^^^^^^^^^^^^^^^^^^^^^^^^^^^^^^^^^^^^^^^^^^^^^^ F403
4 | from ingenious.domain.model.config.profile import *
  |

ingenious/domain/model/config/__init__.py:4:1: F403 `from ingenious.domain.model.config.profile import *` used; unable to detect undefined names
  |
2 | from ingenious.domain.model.config.config import *
3 | from ingenious.domain.model.config.config_ns import *
4 | from ingenious.domain.model.config.profile import *
  | ^^^^^^^^^^^^^^^^^^^^^^^^^^^^^^^^^^^^^^^^^^^^^^^^^^^ F403
  |

ingenious/domain/model/database/__init__.py:2:1: F403 `from ingenious.domain.model.database.database_client import *` used; unable to detect undefined names
  |
1 | # Expose database models
2 | from ingenious.domain.model.database.database_client import *
  | ^^^^^^^^^^^^^^^^^^^^^^^^^^^^^^^^^^^^^^^^^^^^^^^^^^^^^^^^^^^^^ F403
3 | from ingenious.domain.model.database.tool_call_result import *
  |

ingenious/domain/model/database/__init__.py:3:1: F403 `from ingenious.domain.model.database.tool_call_result import *` used; unable to detect undefined names
  |
1 | # Expose database models
2 | from ingenious.domain.model.database.database_client import *
3 | from ingenious.domain.model.database.tool_call_result import *
  | ^^^^^^^^^^^^^^^^^^^^^^^^^^^^^^^^^^^^^^^^^^^^^^^^^^^^^^^^^^^^^^ F403
  |

ingenious/infrastructure/storage/azure/__init__.py:2:21: F401 `pathlib.Path` imported but unused
  |
1 | import logging
2 | from pathlib import Path
  |                     ^^^^ F401
3 |
4 | from azure.identity import (
  |
  = help: Remove unused import: `pathlib.Path`

ingenious/presentation/api/routes/chat.py:16:1: E402 Module level import not at top of file
   |
14 | router = APIRouter()
15 |
16 | import os
   | ^^^^^^^^^ E402
17 | import sys
   |

ingenious/presentation/api/routes/chat.py:17:1: E402 Module level import not at top of file
   |
16 | import os
17 | import sys
   | ^^^^^^^^^^ E402
18 |
19 | parent_dir = os.path.abspath(
   |

ingenious/presentation/chainlit/datalayer.py:162:36: F821 Undefined name `element`
    |
160 |         self, thread_id: str, element_id: str
161 |     ) -> Optional["ElementDict"]:
162 |         print("Getting element: ", element)
    |                                    ^^^^^^^ F821
163 |         pass
    |

ingenious_prompt_tuner/__init__.py:5:23: F401 `functools.wraps` imported but unused
  |
3 | import os
4 | import sys
5 | from functools import wraps
  |                       ^^^^^ F401
6 | from pathlib import Path
  |
  = help: Remove unused import: `functools.wraps`

ingenious_prompt_tuner/__init__.py:6:21: F401 `pathlib.Path` imported but unused
  |
4 | import sys
5 | from functools import wraps
6 | from pathlib import Path
  |                     ^^^^ F401
7 |
8 | from flask import Flask, current_app
  |
  = help: Remove unused import: `pathlib.Path`

ingenious_prompt_tuner/__init__.py:8:26: F401 `flask.current_app` imported but unused
   |
 6 | from pathlib import Path
 7 |
 8 | from flask import Flask, current_app
   |                          ^^^^^^^^^^^ F401
 9 |
10 | # Add parent directory to sys.path if not already there
   |
   = help: Remove unused import: `flask.current_app`

ingenious_prompt_tuner/__init__.py:15:1: E402 Module level import not at top of file
   |
13 |     sys.path.append(current_dir)
14 |
15 | from ingenious_prompt_tuner.config import APP_CONFIG
   | ^^^^^^^^^^^^^^^^^^^^^^^^^^^^^^^^^^^^^^^^^^^^^^^^^^^^ E402
16 | from ingenious_prompt_tuner.services import FileService
17 | from ingenious_prompt_tuner.services.event_service import EventService
   |

ingenious_prompt_tuner/__init__.py:16:1: E402 Module level import not at top of file
   |
15 | from ingenious_prompt_tuner.config import APP_CONFIG
16 | from ingenious_prompt_tuner.services import FileService
   | ^^^^^^^^^^^^^^^^^^^^^^^^^^^^^^^^^^^^^^^^^^^^^^^^^^^^^^^ E402
17 | from ingenious_prompt_tuner.services.event_service import EventService
   |

ingenious_prompt_tuner/__init__.py:17:1: E402 Module level import not at top of file
   |
15 | from ingenious_prompt_tuner.config import APP_CONFIG
16 | from ingenious_prompt_tuner.services import FileService
17 | from ingenious_prompt_tuner.services.event_service import EventService
   | ^^^^^^^^^^^^^^^^^^^^^^^^^^^^^^^^^^^^^^^^^^^^^^^^^^^^^^^^^^^^^^^^^^^^^^ E402
   |

ingenious_prompt_tuner/cli.py:13:1: E402 Module level import not at top of file
   |
11 |     sys.path.append(current_dir)
12 |
13 | from ingenious_prompt_tuner.config import APP_CONFIG
   | ^^^^^^^^^^^^^^^^^^^^^^^^^^^^^^^^^^^^^^^^^^^^^^^^^^^^ E402
   |

ingenious_prompt_tuner/config.py:12:1: E402 Module level import not at top of file
   |
10 |     sys.path.append(parent_dir)
11 |
12 | import ingenious.dependencies as ig_deps
   | ^^^^^^^^^^^^^^^^^^^^^^^^^^^^^^^^^^^^^^^^ E402
13 |
14 | # Load core configuration
   |

ingenious_prompt_tuner/routes/home.py:23:2: F821 Undefined name `bp`
   |
23 | @bp.route("/")
   |  ^^ F821
24 | @requires_auth
25 | def home():
   |

ingenious_prompt_tuner/routes/home.py:55:2: F821 Undefined name `bp`
   |
55 | @bp.route("/create_revision", methods=["POST"])
   |  ^^ F821
56 | @requires_auth
57 | def create_revision():
   |

ingenious_prompt_tuner/routes/home.py:109:2: F821 Undefined name `bp`
    |
109 | @bp.route("/select_revision/<revision_id>")
    |  ^^ F821
110 | @requires_auth
111 | def select_revision(revision_id):
    |

ingenious_prompt_tuner/services/__init__.py:3:8: F401 `asyncio` imported but unused
  |
1 | """Service for managing file operations and prompt templates."""
2 |
3 | import asyncio
  |        ^^^^^^^ F401
4 | import os
5 | from pathlib import Path
  |
  = help: Remove unused import: `asyncio`

ingenious_prompt_tuner/services/__init__.py:5:21: F401 `pathlib.Path` imported but unused
  |
3 | import asyncio
4 | import os
5 | from pathlib import Path
  |                     ^^^^ F401
6 | from typing import Any, Dict, List, Optional
  |
  = help: Remove unused import: `pathlib.Path`

ingenious_prompt_tuner/services/__init__.py:6:20: F401 `typing.Any` imported but unused
  |
4 | import os
5 | from pathlib import Path
6 | from typing import Any, Dict, List, Optional
  |                    ^^^ F401
7 |
8 | from ingenious.files.files_repository import FileStorage
  |
  = help: Remove unused import

ingenious_prompt_tuner/services/__init__.py:6:25: F401 `typing.Dict` imported but unused
  |
4 | import os
5 | from pathlib import Path
6 | from typing import Any, Dict, List, Optional
  |                         ^^^^ F401
7 |
8 | from ingenious.files.files_repository import FileStorage
  |
  = help: Remove unused import

ingenious_prompt_tuner/services/__init__.py:6:37: F401 `typing.Optional` imported but unused
  |
4 | import os
5 | from pathlib import Path
6 | from typing import Any, Dict, List, Optional
  |                                     ^^^^^^^^ F401
7 |
8 | from ingenious.files.files_repository import FileStorage
  |
  = help: Remove unused import

ingenious_prompt_tuner/services/__init__.py:11:43: F401 `ingenious_prompt_tuner.config.APP_CONFIG` imported but unused; consider removing, adding to `__all__`, or using a redundant alias
   |
 9 | from ingenious.models.test_data import Events
10 | from ingenious.utils.namespace_utils import get_path_from_namespace_with_fallback
11 | from ingenious_prompt_tuner.config import APP_CONFIG
   |                                           ^^^^^^^^^^ F401
   |
   = help: Use an explicit re-export: `APP_CONFIG as APP_CONFIG`

ingenious_prompt_tuner/utilities.py:28:5: F811 Redefinition of unused `requires_auth` from line 15
   |
27 | # Decorator for requiring authentication
28 | def requires_auth(f):
   |     ^^^^^^^^^^^^^ F811
29 |     """Decorator to require authentication for a route."""
   |
   = help: Remove definition: `requires_auth`

ingenious_prompt_tuner/utilities.py:88:27: F821 Undefined name `get_selected_revision_direct_call`
   |
86 |     ):
87 |         if revision_id is None:
88 |             revision_id = get_selected_revision_direct_call()
   |                           ^^^^^^^^^^^^^^^^^^^^^^^^^^^^^^^^^ F821
89 |
90 |         source_prompt_folder = get_path_from_namespace_with_fallback(
   |

ingenious_prompt_tuner/utilities.py:136:27: F821 Undefined name `get_selected_revision_direct_call`
    |
134 |     ):
135 |         if revision_id is None:
136 |             revision_id = get_selected_revision_direct_call()
    |                           ^^^^^^^^^^^^^^^^^^^^^^^^^^^^^^^^^ F821
137 |
138 |         target_folder = f"functional_test_outputs/{revision_id}"
    |

ingenious_prompt_tuner/utilities.py:183:27: F821 Undefined name `get_selected_revision_direct_call`
    |
181 |     async def get_data_folder(self, revision_id=None, force_copy_from_source=False):
182 |         if revision_id is None:
183 |             revision_id = get_selected_revision_direct_call()
    |                           ^^^^^^^^^^^^^^^^^^^^^^^^^^^^^^^^^ F821
184 |
185 |         source_folder = get_path_from_namespace_with_fallback("sample_data")
    |

Found 51 errors.
